0
Co&mmon fluids
      ACETONE.FLD
      AMMONIA.FLD
      ARGON.FLD
      BENZENE.FLD
      BUTANE.FLD
      C12.FLD
      CO.FLD
      CO2.FLD
      CYCLOHEX.FLD
      CYCLOPEN.FLD
      DECANE.FLD
      DME.FLD
      ETHANE.FLD
      ETHANOL.FLD
      ETHYLENE.FLD
      H2S.FLD
      HELIUM.FLD
      HEPTANE.FLD
      HEXANE.FLD
      HYDROGEN.FLD
      IOCTANE.FLD
      IPENTANE.FLD
      ISOBUTAN.FLD
      KRYPTON.FLD
      METHANE.FLD
      METHANOL.FLD
      N2O.FLD
      NEON.FLD
      NITROGEN.FLD
      NONANE.FLD
      OCTANE.FLD
      OXYGEN.FLD
      PARAHYD.FLD
      PENTANE.FLD
      PROPANE.FLD
      PROPYLEN.FLD
      PXYLENE.FLD
      R1224YDZ.FLD
      R1233ZDE.FLD
      R1234YF.FLD
      R1234ZEZ.FLD
      R1243ZF.FLD
      R125.FLD
      R1336MZZZ.FLD
      R134A.FLD
      R143A.FLD
      R152A.FLD
      R227EA.FLD
      R32.FLD
      SF6.FLD
      SO2.FLD
      TOLUENE.FLD
      WATER.FLD
      XENON.FLD
Refrigera&nts
      AMMONIA.FLD
      BUTANE.FLD
      CO2.FLD
      ISOBUTAN.FLD
      NOVEC649.FLD
      PROPANE.FLD
      R11.FLD
      R1123.FLD
      R113.FLD
      R114.FLD
      R115.FLD
      R116.FLD
      R12.FLD
      R1216.FLD
      R1224YDZ.FLD
      R123.FLD
      R1233ZDE.FLD
      R1234YF.FLD
      R1234ZEE.FLD
      R1234ZEZ.FLD
      R124.FLD
      R1243ZF.FLD
      R125.FLD
      R13.FLD
      R1336MZZZ.FLD
      R134A.FLD
      R14.FLD
      R141B.FLD
      R142B.FLD
      R143A.FLD
      R150.FLD
      R152A.FLD
      R161.FLD
      R21.FLD
      R218.FLD
      R22.FLD
      R227EA.FLD
      R23.FLD
      R236EA.FLD
      R236FA.FLD
      R245CA.FLD
      R245FA.FLD
      R32.FLD
      R365MFC.FLD
      R40.FLD
      R41.FLD
      RC318.FLD
      RE143A.FLD
      RE245CB2.FLD
      RE245FA2.FLD
      RE347MCC.FLD
Natural &gas fluids
      22DIMETHYLBUTANE.FLD
      23DIMETHYLBUTANE.FLD
      3METHYLPENTANE.FLD
      ARGON.FLD
      BENZENE.FLD
      BUTANE.FLD
      C11.FLD
      C12.FLD
      C16.FLD
      C22.FLD
      CO.FLD
      CO2.FLD
      DECANE.FLD
      ETHANE.FLD
      ETHYLENE.FLD
      H2S.FLD
      HELIUM.FLD
      HEPTANE.FLD
      HEXANE.FLD
      HYDROGEN.FLD
      IHEXANE.FLD
      IOCTANE.FLD
      IPENTANE.FLD
      ISOBUTAN.FLD
      METHANE.FLD
      METHANOL.FLD
      NEOPENTN.FLD
      NITROGEN.FLD
      NONANE.FLD
      OCTANE.FLD
      OXYGEN.FLD
      PENTANE.FLD
      PROPANE.FLD
      PROPYLEN.FLD
      TOLUENE.FLD
      WATER.FLD
Cr&yogens
      ARGON.FLD
      CO.FLD
      D2.FLD
      FLUORINE.FLD
      HELIUM.FLD
      HYDROGEN.FLD
      KRYPTON.FLD
      METHANE.FLD
      NEON.FLD
      NF3.FLD
      NITROGEN.FLD
      OXYGEN.FLD
      PARAHYD.FLD
      R14.FLD
Ca&libration fluids
      ARGON.FLD
      CO2.FLD
      ETHANE.FLD
      ETHYLENE.FLD
      METHANE.FLD
      NITROGEN.FLD
      PROPANE.FLD
      PROPYLEN.FLD
      R125.FLD
      R134A.FLD
      WATER.FLD
GERG and AGA&8 fluids
      ARGON.FLD
      BUTANE.FLD
      CO.FLD
      CO2.FLD
      DECANE.FLD
      ETHANE.FLD
      H2S.FLD
      HELIUM.FLD
      HEPTANE.FLD
      HEXANE.FLD
      HYDROGEN.FLD
      IPENTANE.FLD
      ISOBUTAN.FLD
      METHANE.FLD
      NITROGEN.FLD
      NONANE.FLD
      OCTANE.FLD
      OXYGEN.FLD
      PENTANE.FLD
      PROPANE.FLD
      WATER.FLD
F&uels
      13BUTADIENE.FLD
      1BUTENE.FLD
      1BUTYNE.FLD
      1PENTENE.FLD
      22DIMETHYLBUTANE.FLD
      23DIMETHYLBUTANE.FLD
      3METHYLPENTANE.FLD
      ACETONE.FLD
      ACETYLENE.FLD
      BENZENE.FLD
      BUTANE.FLD
      C11.FLD
      C12.FLD
      C16.FLD
      C1CC6.FLD
      C22.FLD
      C2BUTENE.FLD
      C3CC6.FLD
      CO.FLD
      CO2.FLD
      CYCLOBUTENE.FLD
      CYCLOHEX.FLD
      CYCLOPEN.FLD
      CYCLOPRO.FLD
      DECANE.FLD
      DEE.FLD
      DMC.FLD
      DME.FLD
      EBENZENE.FLD
      ETHANE.FLD
      ETHANOL.FLD
      ETHYLENE.FLD
      ETHYLENEOXIDE.FLD
      H2S.FLD
      HEPTANE.FLD
      HEXANE.FLD
      HYDROGEN.FLD
      IBUTENE.FLD
      IHEXANE.FLD
      IOCTANE.FLD
      IPENTANE.FLD
      ISOBUTAN.FLD
      METHANE.FLD
      METHANOL.FLD
      MXYLENE.FLD
      NEOPENTN.FLD
      NITROGEN.FLD
      NONANE.FLD
      OCTANE.FLD
      OXYGEN.FLD
      OXYLENE.FLD
      PENTANE.FLD
      PROPADIENE.FLD
      PROPANE.FLD
      PROPYLEN.FLD
      PROPYLENEOXIDE.FLD
      PROPYNE.FLD
      PXYLENE.FLD
      T2BUTENE.FLD
      TOLUENE.FLD
      WATER.FLD
